987654321-123456789